Locked
Locked
yarn run v1.22.5
$ node -r @babel/register ./.erb/scripts/CheckPortInUse.js && yarn start:renderer
yarn run v1.22.5
$ node -r @babel/register ./.erb/scripts/CheckPortInUse.js && yarn start:renderer
Browserslist: caniuse-lite is outdated. Please run:
npx browserslist@latest --update-db

Why you should do it regularly:
https://github.com/browserslist/browserslist#browsers-data-updating
Browserslist: caniuse-lite is outdated. Please run:
npx browserslist@latest --update-db

Why you should do it regularly:
https://github.com/browserslist/browserslist#browsers-data-updating
$ cross-env NODE_ENV=development webpack serve --config ./.erb/configs/webpack.config.renderer.dev.babel.js
$ cross-env NODE_ENV=development webpack serve --config ./.erb/configs/webpack.config.renderer.dev.babel.js
Browserslist: caniuse-lite is outdated. Please run:
npx browserslist@latest --update-db

Why you should do it regularly:
https://github.com/browserslist/browserslist#browsers-data-updating
Browserslist: caniuse-lite is outdated. Please run:
npx browserslist@latest --update-db

Why you should do it regularly:
https://github.com/browserslist/browserslist#browsers-data-updating
Starting Main Process...
[34mâ„¹[39m [90mï½¢wdsï½£[39m: Project is running at http://localhost:1212/
[34mâ„¹[39m [90mï½¢wdsï½£[39m: webpack output is served from http://localhost:1212/dist
[34mâ„¹[39m [90mï½¢wdsï½£[39m: Content not from webpack is served from /home/james/Developer/scripts/unlock-lock/unlock-lock-react-electron/.erb/configs/dist
[34mâ„¹[39m [90mï½¢wdsï½£[39m: 404s will fallback to /index.html
Starting Main Process...
[31mâœ–[39m [90mï½¢wdsï½£[39m:  Error: listen EADDRINUSE: address already in use 127.0.0.1:1212
    at Server.setupListenHandle [as _listen2] (node:net:1311:16)
    at listenInCluster (node:net:1359:12)
    at GetAddrInfoReqWrap.doListen (node:net:1497:7)
    at GetAddrInfoReqWrap.onlookup [as oncomplete] (node:dns:71:8) {
  code: 'EADDRINUSE',
  errno: -98,
  syscall: 'listen',
  address: '127.0.0.1',
  port: 1212
}

> start:main
> cross-env NODE_ENV=development electron -r ./.erb/scripts/BabelRegister ./src/main.dev.ts


> start:main
> cross-env NODE_ENV=development electron -r ./.erb/scripts/BabelRegister ./src/main.dev.ts

Browserslist: caniuse-lite is outdated. Please run:
npx browserslist@latest --update-db

Why you should do it regularly:
https://github.com/browserslist/browserslist#browsers-data-updating
Browserslist: caniuse-lite is outdated. Please run:
npx browserslist@latest --update-db

Why you should do it regularly:
https://github.com/browserslist/browserslist#browsers-data-updating
hereerere
hereerere
(node:20320) ExtensionLoadWarning: Warnings loading extension at /home/james/.config/Electron/extensions/fmkadmapgofadopljbjfkapdkoienihi: Unrecognized manifest key 'browser_action'. Unrecognized manifest key 'minimum_chrome_version'. Unrecognized manifest key 'update_url'. Cannot load extension with file or directory name _metadata. Filenames starting with "_" are reserved for use by the system. 
(node:20317) ExtensionLoadWarning: Warnings loading extension at /home/james/.config/Electron/extensions/fmkadmapgofadopljbjfkapdkoienihi: Unrecognized manifest key 'browser_action'. Unrecognized manifest key 'minimum_chrome_version'. Unrecognized manifest key 'update_url'. Cannot load extension with file or directory name _metadata. Filenames starting with "_" are reserved for use by the system. 
11:24:54.593 â€º APPIMAGE env is not defined, current application is not an AppImage
(node:20317) electron: The default of contextIsolation is deprecated and will be changing from false to true in a future release of Electron.  See https://github.com/electron/electron/issues/23506 for more information
11:24:54.612 â€º APPIMAGE env is not defined, current application is not an AppImage
(node:20320) electron: The default of contextIsolation is deprecated and will be changing from false to true in a future release of Electron.  See https://github.com/electron/electron/issues/23506 for more information
[34mâ„¹[39m [90mï½¢wdmï½£[39m: wait until bundle finished: /dist/renderer.dev.js
[34mâ„¹[39m [90mï½¢wdmï½£[39m: wait until bundle finished: /dist/renderer.dev.js
[34mâ„¹[39m [90mï½¢wdmï½£[39m: wait until bundle finished: /dist/renderer.dev.js
[34mâ„¹[39m [90mï½¢wdmï½£[39m: Compiled successfully.
[34mâ„¹[39m [90mï½¢wdmï½£[39m: Compiled successfully.
Done in 72.41s.
Done in 74.10s.
Locked
Locked
yarn run v1.22.5
yarn run v1.22.5
$ node -r @babel/register ./.erb/scripts/CheckPortInUse.js && yarn start:renderer
$ node -r @babel/register ./.erb/scripts/CheckPortInUse.js && yarn start:renderer
Browserslist: caniuse-lite is outdated. Please run:
npx browserslist@latest --update-db

Why you should do it regularly:
https://github.com/browserslist/browserslist#browsers-data-updating
Browserslist: caniuse-lite is outdated. Please run:
npx browserslist@latest --update-db

Why you should do it regularly:
https://github.com/browserslist/browserslist#browsers-data-updating
$ cross-env NODE_ENV=development webpack serve --config ./.erb/configs/webpack.config.renderer.dev.babel.js
$ cross-env NODE_ENV=development webpack serve --config ./.erb/configs/webpack.config.renderer.dev.babel.js
Browserslist: caniuse-lite is outdated. Please run:
npx browserslist@latest --update-db

Why you should do it regularly:
https://github.com/browserslist/browserslist#browsers-data-updating
Browserslist: caniuse-lite is outdated. Please run:
npx browserslist@latest --update-db

Why you should do it regularly:
https://github.com/browserslist/browserslist#browsers-data-updating
Starting Main Process...
[34mâ„¹[39m [90mï½¢wdsï½£[39m: Project is running at http://localhost:1212/
[34mâ„¹[39m [90mï½¢wdsï½£[39m: webpack output is served from http://localhost:1212/dist
[34mâ„¹[39m [90mï½¢wdsï½£[39m: Content not from webpack is served from /home/james/Developer/scripts/unlock-lock/unlock-lock-react-electron/.erb/configs/dist
[34mâ„¹[39m [90mï½¢wdsï½£[39m: 404s will fallback to /index.html
Starting Main Process...
[31mâœ–[39m [90mï½¢wdsï½£[39m:  Error: listen EADDRINUSE: address already in use 127.0.0.1:1212
    at Server.setupListenHandle [as _listen2] (node:net:1311:16)
    at listenInCluster (node:net:1359:12)
    at GetAddrInfoReqWrap.doListen (node:net:1497:7)
    at GetAddrInfoReqWrap.onlookup [as oncomplete] (node:dns:71:8) {
  code: 'EADDRINUSE',
  errno: -98,
  syscall: 'listen',
  address: '127.0.0.1',
  port: 1212
}

> start:main
> cross-env NODE_ENV=development electron -r ./.erb/scripts/BabelRegister ./src/main.dev.ts


> start:main
> cross-env NODE_ENV=development electron -r ./.erb/scripts/BabelRegister ./src/main.dev.ts

Browserslist: caniuse-lite is outdated. Please run:
npx browserslist@latest --update-db

Why you should do it regularly:
https://github.com/browserslist/browserslist#browsers-data-updating
Browserslist: caniuse-lite is outdated. Please run:
npx browserslist@latest --update-db

Why you should do it regularly:
https://github.com/browserslist/browserslist#browsers-data-updating
hereerere
hereerere
(node:30856) ExtensionLoadWarning: Warnings loading extension at /home/james/.config/Electron/extensions/fmkadmapgofadopljbjfkapdkoienihi: Unrecognized manifest key 'browser_action'. Unrecognized manifest key 'minimum_chrome_version'. Unrecognized manifest key 'update_url'. Cannot load extension with file or directory name _metadata. Filenames starting with "_" are reserved for use by the system. 
(node:30868) ExtensionLoadWarning: Warnings loading extension at /home/james/.config/Electron/extensions/fmkadmapgofadopljbjfkapdkoienihi: Unrecognized manifest key 'browser_action'. Unrecognized manifest key 'minimum_chrome_version'. Unrecognized manifest key 'update_url'. Cannot load extension with file or directory name _metadata. Filenames starting with "_" are reserved for use by the system. 
11:36:42.525 â€º APPIMAGE env is not defined, current application is not an AppImage
(node:30856) electron: The default of contextIsolation is deprecated and will be changing from false to true in a future release of Electron.  See https://github.com/electron/electron/issues/23506 for more information
11:36:42.651 â€º APPIMAGE env is not defined, current application is not an AppImage
(node:30868) electron: The default of contextIsolation is deprecated and will be changing from false to true in a future release of Electron.  See https://github.com/electron/electron/issues/23506 for more information
[34mâ„¹[39m [90mï½¢wdmï½£[39m: wait until bundle finished: /dist/renderer.dev.js
[34mâ„¹[39m [90mï½¢wdmï½£[39m: wait until bundle finished: /dist/renderer.dev.js
[34mâ„¹[39m [90mï½¢wdmï½£[39m: Compiled successfully.
[34mâ„¹[39m [90mï½¢wdmï½£[39m: Compiled successfully.
Done in 14.16s.
Done in 15.96s.
Locked
Locked
yarn run v1.22.5
yarn run v1.22.5
$ node -r @babel/register ./.erb/scripts/CheckPortInUse.js && yarn start:renderer
$ node -r @babel/register ./.erb/scripts/CheckPortInUse.js && yarn start:renderer
Browserslist: caniuse-lite is outdated. Please run:
npx browserslist@latest --update-db

Why you should do it regularly:
https://github.com/browserslist/browserslist#browsers-data-updating
Browserslist: caniuse-lite is outdated. Please run:
npx browserslist@latest --update-db

Why you should do it regularly:
https://github.com/browserslist/browserslist#browsers-data-updating
$ cross-env NODE_ENV=development webpack serve --config ./.erb/configs/webpack.config.renderer.dev.babel.js
$ cross-env NODE_ENV=development webpack serve --config ./.erb/configs/webpack.config.renderer.dev.babel.js
Browserslist: caniuse-lite is outdated. Please run:
npx browserslist@latest --update-db

Why you should do it regularly:
https://github.com/browserslist/browserslist#browsers-data-updating
Browserslist: caniuse-lite is outdated. Please run:
npx browserslist@latest --update-db

Why you should do it regularly:
https://github.com/browserslist/browserslist#browsers-data-updating
Starting Main Process...
[31mâœ–[39m [90mï½¢wdsï½£[39m:  Error: listen EADDRINUSE: address already in use 127.0.0.1:1212
    at Server.setupListenHandle [as _listen2] (node:net:1311:16)
    at listenInCluster (node:net:1359:12)
    at GetAddrInfoReqWrap.doListen (node:net:1497:7)
    at GetAddrInfoReqWrap.onlookup [as oncomplete] (node:dns:71:8) {
  code: 'EADDRINUSE',
  errno: -98,
  syscall: 'listen',
  address: '127.0.0.1',
  port: 1212
}

> start:main
> cross-env NODE_ENV=development electron -r ./.erb/scripts/BabelRegister ./src/main.dev.ts

Starting Main Process...
[31mâœ–[39m [90mï½¢wdsï½£[39m:  Error: listen EADDRINUSE: address already in use 127.0.0.1:1212
    at Server.setupListenHandle [as _listen2] (node:net:1311:16)
    at listenInCluster (node:net:1359:12)
    at GetAddrInfoReqWrap.doListen (node:net:1497:7)
    at GetAddrInfoReqWrap.onlookup [as oncomplete] (node:dns:71:8) {
  code: 'EADDRINUSE',
  errno: -98,
  syscall: 'listen',
  address: '127.0.0.1',
  port: 1212
}

> start:main
> cross-env NODE_ENV=development electron -r ./.erb/scripts/BabelRegister ./src/main.dev.ts

Browserslist: caniuse-lite is outdated. Please run:
npx browserslist@latest --update-db

Why you should do it regularly:
https://github.com/browserslist/browserslist#browsers-data-updating
hereerere
Browserslist: caniuse-lite is outdated. Please run:
npx browserslist@latest --update-db

Why you should do it regularly:
https://github.com/browserslist/browserslist#browsers-data-updating
(node:32210) ExtensionLoadWarning: Warnings loading extension at /home/james/.config/Electron/extensions/fmkadmapgofadopljbjfkapdkoienihi: Unrecognized manifest key 'browser_action'. Unrecognized manifest key 'minimum_chrome_version'. Unrecognized manifest key 'update_url'. Cannot load extension with file or directory name _metadata. Filenames starting with "_" are reserved for use by the system. 
11:37:45.764 â€º APPIMAGE env is not defined, current application is not an AppImage
(node:32210) electron: The default of contextIsolation is deprecated and will be changing from false to true in a future release of Electron.  See https://github.com/electron/electron/issues/23506 for more information
hereerere
(node:32296) ExtensionLoadWarning: Warnings loading extension at /home/james/.config/Electron/extensions/fmkadmapgofadopljbjfkapdkoienihi: Unrecognized manifest key 'browser_action'. Unrecognized manifest key 'minimum_chrome_version'. Unrecognized manifest key 'update_url'. Cannot load extension with file or directory name _metadata. Filenames starting with "_" are reserved for use by the system. 
11:37:46.729 â€º APPIMAGE env is not defined, current application is not an AppImage
(node:32296) electron: The default of contextIsolation is deprecated and will be changing from false to true in a future release of Electron.  See https://github.com/electron/electron/issues/23506 for more information
[34mâ„¹[39m [90mï½¢wdmï½£[39m: Compiled successfully.
[34mâ„¹[39m [90mï½¢wdmï½£[39m: Compiled successfully.
Done in 19.51s.
Done in 25.25s.
Locked
Locked
yarn run v1.22.5
$ node -r @babel/register ./.erb/scripts/CheckPortInUse.js && yarn start:renderer
yarn run v1.22.5
$ node -r @babel/register ./.erb/scripts/CheckPortInUse.js && yarn start:renderer
Browserslist: caniuse-lite is outdated. Please run:
npx browserslist@latest --update-db

Why you should do it regularly:
https://github.com/browserslist/browserslist#browsers-data-updating
Browserslist: caniuse-lite is outdated. Please run:
npx browserslist@latest --update-db

Why you should do it regularly:
https://github.com/browserslist/browserslist#browsers-data-updating
$ cross-env NODE_ENV=development webpack serve --config ./.erb/configs/webpack.config.renderer.dev.babel.js
$ cross-env NODE_ENV=development webpack serve --config ./.erb/configs/webpack.config.renderer.dev.babel.js
Browserslist: caniuse-lite is outdated. Please run:
npx browserslist@latest --update-db

Why you should do it regularly:
https://github.com/browserslist/browserslist#browsers-data-updating
Browserslist: caniuse-lite is outdated. Please run:
npx browserslist@latest --update-db

Why you should do it regularly:
https://github.com/browserslist/browserslist#browsers-data-updating
Starting Main Process...
[34mâ„¹[39m [90mï½¢wdsï½£[39m: Project is running at http://localhost:1212/
[34mâ„¹[39m [90mï½¢wdsï½£[39m: webpack output is served from http://localhost:1212/dist
[34mâ„¹[39m [90mï½¢wdsï½£[39m: Content not from webpack is served from /home/james/Developer/scripts/unlock-lock/unlock-lock-react-electron/.erb/configs/dist
[34mâ„¹[39m [90mï½¢wdsï½£[39m: 404s will fallback to /index.html
Starting Main Process...
[31mâœ–[39m [90mï½¢wdsï½£[39m:  Error: listen EADDRINUSE: address already in use 127.0.0.1:1212
    at Server.setupListenHandle [as _listen2] (node:net:1311:16)
    at listenInCluster (node:net:1359:12)
    at GetAddrInfoReqWrap.doListen (node:net:1497:7)
    at GetAddrInfoReqWrap.onlookup [as oncomplete] (node:dns:71:8) {
  code: 'EADDRINUSE',
  errno: -98,
  syscall: 'listen',
  address: '127.0.0.1',
  port: 1212
}

> start:main
> cross-env NODE_ENV=development electron -r ./.erb/scripts/BabelRegister ./src/main.dev.ts


> start:main
> cross-env NODE_ENV=development electron -r ./.erb/scripts/BabelRegister ./src/main.dev.ts

Browserslist: caniuse-lite is outdated. Please run:
npx browserslist@latest --update-db

Why you should do it regularly:
https://github.com/browserslist/browserslist#browsers-data-updating
Browserslist: caniuse-lite is outdated. Please run:
npx browserslist@latest --update-db

Why you should do it regularly:
https://github.com/browserslist/browserslist#browsers-data-updating
hereerere
hereerere
(node:33666) ExtensionLoadWarning: Warnings loading extension at /home/james/.config/Electron/extensions/fmkadmapgofadopljbjfkapdkoienihi: Unrecognized manifest key 'browser_action'. Unrecognized manifest key 'minimum_chrome_version'. Unrecognized manifest key 'update_url'. Cannot load extension with file or directory name _metadata. Filenames starting with "_" are reserved for use by the system. 
11:38:52.411 â€º APPIMAGE env is not defined, current application is not an AppImage
(node:33666) electron: The default of contextIsolation is deprecated and will be changing from false to true in a future release of Electron.  See https://github.com/electron/electron/issues/23506 for more information
(node:33716) ExtensionLoadWarning: Warnings loading extension at /home/james/.config/Electron/extensions/fmkadmapgofadopljbjfkapdkoienihi: Unrecognized manifest key 'browser_action'. Unrecognized manifest key 'minimum_chrome_version'. Unrecognized manifest key 'update_url'. Cannot load extension with file or directory name _metadata. Filenames starting with "_" are reserved for use by the system. 
11:38:52.702 â€º APPIMAGE env is not defined, current application is not an AppImage
(node:33716) electron: The default of contextIsolation is deprecated and will be changing from false to true in a future release of Electron.  See https://github.com/electron/electron/issues/23506 for more information
[34mâ„¹[39m [90mï½¢wdmï½£[39m: wait until bundle finished: /dist/renderer.dev.js
[34mâ„¹[39m [90mï½¢wdmï½£[39m: wait until bundle finished: /dist/renderer.dev.js
[34mâ„¹[39m [90mï½¢wdmï½£[39m: wait until bundle finished: /dist/renderer.dev.js
[34mâ„¹[39m [90mï½¢wdmï½£[39m: Compiled successfully.
[34mâ„¹[39m [90mï½¢wdmï½£[39m: Compiled successfully.
Done in 19.79s.
Done in 23.09s.
